// Jest Snapshot v1, https://goo.gl/fbAQLP

exports[`should render correctly 1`] = `
<div>
  <div
    class="sc-bZQynM gSqcYA"
    data-testid="PuzzleListContainer"
  >
    <div
      class="sc-gzVnrw ejfrwY"
    >
      G√ÅTUR
    </div>
    <div
      class="sc-htoDjs jRAwCr"
    >
      Loading...
    </div>
  </div>
</div>
`;
