// Jest Snapshot v1, https://goo.gl/fbAQLP

exports[`should render correctly 1`] = `
<div>
  <div
    class="sc-bdVaJa fePDys"
  >
    <img
      alt="loading"
      class="sc-bwzfXH bFHdpU"
      data-testid="LoadingImage"
      src="loading.svg"
    />
  </div>
</div>
`;
