// Jest Snapshot v1, https://goo.gl/fbAQLP

exports[`should render correctly 1`] = `
<div>
  <div
    class="sc-bdVaJa fePDys"
    data-testid="TargetItemContainer"
  />
</div>
`;
