// Jest Snapshot v1, https://goo.gl/fbAQLP

exports[`should render correctly 1`] = `
<div>
  <div
    class="sc-bdVaJa dSJplu"
    data-testid="PuzzleContainer"
  >
    <form
      class="sc-bwzfXH iYKgxb"
    >
      <div
        class="sc-htpNat hccyqP"
      >
        G√ÅTUHEITI 
        1
      </div>
      <textarea
        class="sc-ifAKCX eZonoI"
        name="summary"
        rows="3"
      >
        Lorum ipsum
      </textarea>
      <div
        class="sc-htpNat hccyqP"
      >
        INTROTEKSTUR
      </div>
      <textarea
        class="sc-ifAKCX eZonoI"
        name="introtext"
        rows="3"
      >
        Intro text
      </textarea>
      <div
        class="sc-htpNat hccyqP"
      >
        LEIKARI
      </div>
      <input
        class="sc-bxivhb gsEoFf"
        name="character"
        type="text"
        value="dummycharacer"
      />
    </form>
    <div
      class="sc-EHOje chNjoN"
    >
      &gt;
    </div>
  </div>
</div>
`;
